PS C:\Users\ryoya> cd "C:\Users\ryoya\Documents\kadai"
PS C:\Users\ryoya\Documents\kadai> mkdir git_challenge


    ディレクトリ: C:\Users\ryoya\Documents\kadai


Mode                 LastWriteTime         Length Name
----                 -------------         ------ ----
d-----        2025/02/22     16:31                git_challenge


PS C:\Users\ryoya\Documents\kadai> cd "C:\Users\ryoya\Documents\kadai\git_challenge"
PS C:\Users\ryoya\Documents\kadai\git_challenge> git init
Initialized empty Git repository in C:/Users/ryoya/Documents/kadai/git_challenge/.git/
PS C:\Users\ryoya\Documents\kadai\git_challenge> git add hellow_world.txt
PS C:\Users\ryoya\Documents\kadai\git_challenge> git commit -m "hellow_world.txtを追加" 
[main (root-commit) d4c9ecc] hellow_world.txtを追加
 1 file changed, 1 insertion(+)
 create mode 100644 hellow_world.txt

PS C:\Users\ryoya\Documents\kadai\git_challenge> git add hellow_world.txt
PS C:\Users\ryoya\Documents\kadai\git_challenge> git commit -m "日本語訳を追記"
[main f964967] 日本語訳を追記
 1 file changed, 2 insertions(+), 1 deletion(-)
PS C:\Users\ryoya\Documents\kadai\git_challenge> git log --oneline
f964967 (HEAD -> main) 日本語訳を追記
d4c9ecc hellow_world.txtを追加